// Jest Snapshot v1, https://goo.gl/fbAQLP

exports[`should match the snapshot 1`] = `
Array [
  Object {
    "name": "left",
    "reducer": [Function],
  },
  Object {
    "name": "top",
    "reducer": [Function],
  },
  Object {
    "name": "bottom",
    "reducer": [Function],
  },
  Object {
    "name": "right",
    "reducer": [Function],
  },
  Object {
    "name": "sides",
    "reducer": [Function],
  },
  Object {
    "name": "ends",
    "reducer": [Function],
  },
]
`;
