// Jest Snapshot v1, https://goo.gl/fbAQLP

exports[`exports default positions 1`] = `
Array [
  "left",
  "right",
  "top",
  "bottom",
]
`;
